Packs: [21, 41, 107]
pack 21: signal 157, mchirp=0.001124, dL=0.005623, sky={'ra': 4.305435279886125, 'dec': -1.0470515431505596, 'pol': 2.949256917587535}
/home/raul.rodriguez/.conda/envs/vit/lib/python3.10/site-packages/pycbc/waveform/plugin.py:99: UserWarning: pkg_resources is deprecated as an API. See https://setuptools.pypa.io/en/latest/pkg_resources.html. The pkg_resources package is slated for removal as early as 2025-11-30. Refrain from using this package or pin to Setuptools<81.
  import pkg_resources
pack=21, signal_id=157, mchirp=0.0011239419619981557, distance=0.005623413251903491, tsft=2, n_sft=16384, n_bins=131, same_shape=True, sft_identical=True, sft_max_rel_diff=0.0, map_identical=True, map_max_rel_diff=0.0, map_pixels_different=0, track_identical=True, track_steps_different=0, time_makesfts_s=908.86, time_fast_s=2.17
Warning: trimming tail of 2s (duration not divisible by Tseg).
pack=21, signal_id=157, mchirp=0.0011239419619981557, distance=0.005623413251903491, tsft=3, n_sft=10922, n_bins=197, same_shape=True, sft_identical=True, sft_max_rel_diff=0.0, map_identical=True, map_max_rel_diff=0.0, map_pixels_different=0, track_identical=True, track_steps_different=0, time_makesfts_s=612.77, time_fast_s=2.23
pack=21, signal_id=157, mchirp=0.0011239419619981557, distance=0.005623413251903491, tsft=4, n_sft=8192, n_bins=263, same_shape=True, sft_identical=True, sft_max_rel_diff=0.0, map_identical=True, map_max_rel_diff=0.0, map_pixels_different=0, track_identical=True, track_steps_different=0, time_makesfts_s=455.9, time_fast_s=1.24
Warning: trimming tail of 3s (duration not divisible by Tseg).
pack=21, signal_id=157, mchirp=0.0011239419619981557, distance=0.005623413251903491, tsft=5, n_sft=6553, n_bins=328, same_shape=True, sft_identical=True, sft_max_rel_diff=0.0, map_identical=True, map_max_rel_diff=0.0, map_pixels_different=0, track_identical=True, track_steps_different=0, time_makesfts_s=364.72, time_fast_s=1.61
Warning: trimming tail of 1s (duration not divisible by Tseg).
pack=21, signal_id=157, mchirp=0.0011239419619981557, distance=0.005623413251903491, tsft=7, n_sft=4681, n_bins=460, same_shape=True, sft_identical=True, sft_max_rel_diff=0.0, map_identical=True, map_max_rel_diff=0.0, map_pixels_different=0, track_identical=True, track_steps_different=0, time_makesfts_s=266.15, time_fast_s=1.45
Warning: trimming tail of 8s (duration not divisible by Tseg).
pack=21, signal_id=157, mchirp=0.0011239419619981557, distance=0.005623413251903491, tsft=10, n_sft=3276, n_bins=657, same_shape=True, sft_identical=True, sft_max_rel_diff=0.0, map_identical=True, map_max_rel_diff=0.0, map_pixels_different=0, track_identical=True, track_steps_different=0, time_makesfts_s=197.16, time_fast_s=1.26
Warning: trimming tail of 8s (duration not divisible by Tseg).
pack=21, signal_id=157, mchirp=0.0011239419619981557, distance=0.005623413251903491, tsft=13, n_sft=2520, n_bins=854, same_shape=True, sft_identical=True, sft_max_rel_diff=0.0, map_identical=True, map_max_rel_diff=0.0, map_pixels_different=0, track_identical=True, track_steps_different=0, time_makesfts_s=147.65, time_fast_s=1.68
Warning: trimming tail of 8s (duration not divisible by Tseg).
pack=21, signal_id=157, mchirp=0.0011239419619981557, distance=0.005623413251903491, tsft=18, n_sft=1820, n_bins=1183, same_shape=True, sft_identical=True, sft_max_rel_diff=0.0, map_identical=True, map_max_rel_diff=0.0, map_pixels_different=0, track_identical=True, track_steps_different=0, time_makesfts_s=98.07, time_fast_s=1.32
Warning: trimming tail of 18s (duration not divisible by Tseg).
pack=21, signal_id=157, mchirp=0.0011239419619981557, distance=0.005623413251903491, tsft=25, n_sft=1310, n_bins=1642, same_shape=True, sft_identical=False, sft_max_rel_diff=2.830360240500274e-12, map_identical=True, map_max_rel_diff=0.0, map_pixels_different=0, track_identical=True, track_steps_different=0, time_makesfts_s=72.48, time_fast_s=1.33
Warning: trimming tail of 8s (duration not divisible by Tseg).
pack=21, signal_id=157, mchirp=0.0011239419619981557, distance=0.005623413251903491, tsft=35, n_sft=936, n_bins=2299, same_shape=True, sft_identical=True, sft_max_rel_diff=0.0, map_identical=True, map_max_rel_diff=0.0, map_pixels_different=0, track_identical=True, track_steps_different=0, time_makesfts_s=53.57, time_fast_s=1.16
Warning: trimming tail of 9s (duration not divisible by Tseg).
pack=21, signal_id=157, mchirp=0.0011239419619981557, distance=0.005623413251903491, tsft=47, n_sft=697, n_bins=3088, same_shape=True, sft_identical=True, sft_max_rel_diff=0.0, map_identical=True, map_max_rel_diff=0.0, map_pixels_different=0, track_identical=True, track_steps_different=0, time_makesfts_s=41.29, time_fast_s=1.31
Warning: trimming tail of 8s (duration not divisible by Tseg).
pack=21, signal_id=157, mchirp=0.0011239419619981557, distance=0.005623413251903491, tsft=63, n_sft=520, n_bins=4139, same_shape=True, sft_identical=True, sft_max_rel_diff=0.0, map_identical=True, map_max_rel_diff=0.0, map_pixels_different=0, track_identical=True, track_steps_different=0, time_makesfts_s=29.29, time_fast_s=1.12
Warning: trimming tail of 32s (duration not divisible by Tseg).
pack=21, signal_id=157, mchirp=0.0011239419619981557, distance=0.005623413251903491, tsft=88, n_sft=372, n_bins=5782, same_shape=True, sft_identical=True, sft_max_rel_diff=0.0, map_identical=True, map_max_rel_diff=0.0, map_pixels_different=0, track_identical=True, track_steps_different=0, time_makesfts_s=22.26, time_fast_s=1.22
pack=21, signal_id=157, mchirp=0.0011239419619981557, distance=0.005623413251903491, ra=4.305435279886125, dec=-1.0470515431505596, pol=2.949256917587535, candidate_makesfts=True, candidate_fast=True, nmse_makesfts=0.0027051028609943093, nmse_fast=0.0027051028609943093, nsigma_makesfts=3.195910488343075, nsigma_fast=3.195910488343075, mass_makesfts=0.0011099470598173896, mass_fast=0.0011099470598173896, tsft_makesfts=88, tsft_fast=88, status_makesfts=candidate_found, status_fast=candidate_found, identical=True, maps_identical_all_tsft=True, tracks_identical_all_tsft=True
pack 41: signal 286, mchirp=0.004472, dL=0.03162, sky={'ra': 4.973213343246274, 'dec': 0.9501873182593581, 'pol': 2.3732376624349225}
pack=41, signal_id=286, mchirp=0.00447213595499958, distance=0.03162277660168379, tsft=2, n_sft=16384, n_bins=131, same_shape=True, sft_identical=True, sft_max_rel_diff=0.0, map_identical=True, map_max_rel_diff=0.0, map_pixels_different=0, track_identical=True, track_steps_different=0, time_makesfts_s=900.54, time_fast_s=1.29
Warning: trimming tail of 2s (duration not divisible by Tseg).
pack=41, signal_id=286, mchirp=0.00447213595499958, distance=0.03162277660168379, tsft=3, n_sft=10922, n_bins=197, same_shape=True, sft_identical=False, sft_max_rel_diff=6.515039322323349e-10, map_identical=False, map_max_rel_diff=4.460036388827333e-12, map_pixels_different=3, track_identical=True, track_steps_different=0, time_makesfts_s=587.93, time_fast_s=1.2
pack=41, signal_id=286, mchirp=0.00447213595499958, distance=0.03162277660168379, tsft=4, n_sft=8192, n_bins=263, same_shape=True, sft_identical=True, sft_max_rel_diff=0.0, map_identical=True, map_max_rel_diff=0.0, map_pixels_different=0, track_identical=True, track_steps_different=0, time_makesfts_s=452.14, time_fast_s=1.7
Warning: trimming tail of 3s (duration not divisible by Tseg).
pack=41, signal_id=286, mchirp=0.00447213595499958, distance=0.03162277660168379, tsft=5, n_sft=6553, n_bins=328, same_shape=True, sft_identical=True, sft_max_rel_diff=0.0, map_identical=True, map_max_rel_diff=0.0, map_pixels_different=0, track_identical=True, track_steps_different=0, time_makesfts_s=362.69, time_fast_s=1.14
Warning: trimming tail of 1s (duration not divisible by Tseg).
pack=41, signal_id=286, mchirp=0.00447213595499958, distance=0.03162277660168379, tsft=7, n_sft=4681, n_bins=460, same_shape=True, sft_identical=True, sft_max_rel_diff=0.0, map_identical=True, map_max_rel_diff=0.0, map_pixels_different=0, track_identical=True, track_steps_different=0, time_makesfts_s=266.06, time_fast_s=1.36
Warning: trimming tail of 8s (duration not divisible by Tseg).
pack=41, signal_id=286, mchirp=0.00447213595499958, distance=0.03162277660168379, tsft=10, n_sft=3276, n_bins=657, same_shape=True, sft_identical=True, sft_max_rel_diff=0.0, map_identical=True, map_max_rel_diff=0.0, map_pixels_different=0, track_identical=True, track_steps_different=0, time_makesfts_s=197.49, time_fast_s=1.03
Warning: trimming tail of 8s (duration not divisible by Tseg).
pack=41, signal_id=286, mchirp=0.00447213595499958, distance=0.03162277660168379, tsft=13, n_sft=2520, n_bins=854, same_shape=True, sft_identical=True, sft_max_rel_diff=0.0, map_identical=True, map_max_rel_diff=0.0, map_pixels_different=0, track_identical=True, track_steps_different=0, time_makesfts_s=145.04, time_fast_s=1.23
Warning: trimming tail of 8s (duration not divisible by Tseg).
pack=41, signal_id=286, mchirp=0.00447213595499958, distance=0.03162277660168379, tsft=18, n_sft=1820, n_bins=1183, same_shape=True, sft_identical=True, sft_max_rel_diff=0.0, map_identical=True, map_max_rel_diff=0.0, map_pixels_different=0, track_identical=True, track_steps_different=0, time_makesfts_s=108.26, time_fast_s=1.34
Warning: trimming tail of 18s (duration not divisible by Tseg).
pack=41, signal_id=286, mchirp=0.00447213595499958, distance=0.03162277660168379, tsft=25, n_sft=1310, n_bins=1642, same_shape=True, sft_identical=False, sft_max_rel_diff=4.359182846140087e-08, map_identical=False, map_max_rel_diff=5.477379195066394e-09, map_pixels_different=2, track_identical=True, track_steps_different=0, time_makesfts_s=83.05, time_fast_s=1.21
Warning: trimming tail of 8s (duration not divisible by Tseg).
pack=41, signal_id=286, mchirp=0.00447213595499958, distance=0.03162277660168379, tsft=35, n_sft=936, n_bins=2299, same_shape=True, sft_identical=True, sft_max_rel_diff=0.0, map_identical=True, map_max_rel_diff=0.0, map_pixels_different=0, track_identical=True, track_steps_different=0, time_makesfts_s=48.43, time_fast_s=1.02
Warning: trimming tail of 9s (duration not divisible by Tseg).
pack=41, signal_id=286, mchirp=0.00447213595499958, distance=0.03162277660168379, tsft=47, n_sft=697, n_bins=3088, same_shape=True, sft_identical=True, sft_max_rel_diff=0.0, map_identical=True, map_max_rel_diff=0.0, map_pixels_different=0, track_identical=True, track_steps_different=0, time_makesfts_s=39.89, time_fast_s=1.17
Warning: trimming tail of 8s (duration not divisible by Tseg).
pack=41, signal_id=286, mchirp=0.00447213595499958, distance=0.03162277660168379, tsft=63, n_sft=520, n_bins=4139, same_shape=True, sft_identical=True, sft_max_rel_diff=0.0, map_identical=True, map_max_rel_diff=0.0, map_pixels_different=0, track_identical=True, track_steps_different=0, time_makesfts_s=28.25, time_fast_s=1.18
Warning: trimming tail of 32s (duration not divisible by Tseg).
pack=41, signal_id=286, mchirp=0.00447213595499958, distance=0.03162277660168379, tsft=88, n_sft=372, n_bins=5782, same_shape=True, sft_identical=True, sft_max_rel_diff=0.0, map_identical=True, map_max_rel_diff=0.0, map_pixels_different=0, track_identical=True, track_steps_different=0, time_makesfts_s=22.95, time_fast_s=1.38
pack=41, signal_id=286, mchirp=0.00447213595499958, distance=0.03162277660168379, ra=4.973213343246274, dec=0.9501873182593581, pol=2.3732376624349225, candidate_makesfts=True, candidate_fast=True, nmse_makesfts=3.106050364658001e-05, nmse_fast=3.106050364658001e-05, nsigma_makesfts=-0.484802609773178, nsigma_fast=-0.484802609773178, mass_makesfts=0.004462029904777587, mass_fast=0.004462029904777587, tsft_makesfts=25, tsft_fast=25, status_makesfts=candidate_found, status_fast=candidate_found, identical=True, maps_identical_all_tsft=False, tracks_identical_all_tsft=True
pack 107: signal 532, mchirp=0.0708, dL=0.07499, sky={'ra': 0.40995453923082786, 'dec': -0.5887349042889161, 'pol': 2.78929397397121}
pack=107, signal_id=532, mchirp=0.07080390683908097, distance=0.07498942093324558, tsft=2, n_sft=16384, n_bins=131, same_shape=True, sft_identical=True, sft_max_rel_diff=0.0, map_identical=True, map_max_rel_diff=0.0, map_pixels_different=0, track_identical=True, track_steps_different=0, time_makesfts_s=855.88, time_fast_s=1.17
Warning: trimming tail of 2s (duration not divisible by Tseg).
pack=107, signal_id=532, mchirp=0.07080390683908097, distance=0.07498942093324558, tsft=3, n_sft=10922, n_bins=197, same_shape=True, sft_identical=True, sft_max_rel_diff=0.0, map_identical=True, map_max_rel_diff=0.0, map_pixels_different=0, track_identical=True, track_steps_different=0, time_makesfts_s=512.34, time_fast_s=1.06
pack=107, signal_id=532, mchirp=0.07080390683908097, distance=0.07498942093324558, tsft=4, n_sft=8192, n_bins=263, same_shape=True, sft_identical=True, sft_max_rel_diff=0.0, map_identical=True, map_max_rel_diff=0.0, map_pixels_different=0, track_identical=True, track_steps_different=0, time_makesfts_s=379.6, time_fast_s=1.12
Warning: trimming tail of 3s (duration not divisible by Tseg).
pack=107, signal_id=532, mchirp=0.07080390683908097, distance=0.07498942093324558, tsft=5, n_sft=6553, n_bins=328, same_shape=True, sft_identical=True, sft_max_rel_diff=0.0, map_identical=True, map_max_rel_diff=0.0, map_pixels_different=0, track_identical=True, track_steps_different=0, time_makesfts_s=305.97, time_fast_s=0.96
Warning: trimming tail of 1s (duration not divisible by Tseg).
pack=107, signal_id=532, mchirp=0.07080390683908097, distance=0.07498942093324558, tsft=7, n_sft=4681, n_bins=460, same_shape=True, sft_identical=True, sft_max_rel_diff=0.0, map_identical=True, map_max_rel_diff=0.0, map_pixels_different=0, track_identical=True, track_steps_different=0, time_makesfts_s=222.77, time_fast_s=1.15
Warning: trimming tail of 8s (duration not divisible by Tseg).
pack=107, signal_id=532, mchirp=0.07080390683908097, distance=0.07498942093324558, tsft=10, n_sft=3276, n_bins=657, same_shape=True, sft_identical=True, sft_max_rel_diff=0.0, map_identical=True, map_max_rel_diff=0.0, map_pixels_different=0, track_identical=True, track_steps_different=0, time_makesfts_s=154.96, time_fast_s=1.02
Warning: trimming tail of 8s (duration not divisible by Tseg).
pack=107, signal_id=532, mchirp=0.07080390683908097, distance=0.07498942093324558, tsft=13, n_sft=2520, n_bins=854, same_shape=True, sft_identical=True, sft_max_rel_diff=0.0, map_identical=True, map_max_rel_diff=0.0, map_pixels_different=0, track_identical=True, track_steps_different=0, time_makesfts_s=116.58, time_fast_s=1.34
Warning: trimming tail of 8s (duration not divisible by Tseg).
pack=107, signal_id=532, mchirp=0.07080390683908097, distance=0.07498942093324558, tsft=18, n_sft=1820, n_bins=1183, same_shape=True, sft_identical=True, sft_max_rel_diff=0.0, map_identical=True, map_max_rel_diff=0.0, map_pixels_different=0, track_identical=True, track_steps_different=0, time_makesfts_s=88.63, time_fast_s=1.02
Warning: trimming tail of 18s (duration not divisible by Tseg).
pack=107, signal_id=532, mchirp=0.07080390683908097, distance=0.07498942093324558, tsft=25, n_sft=1310, n_bins=1642, same_shape=True, sft_identical=True, sft_max_rel_diff=0.0, map_identical=True, map_max_rel_diff=0.0, map_pixels_different=0, track_identical=True, track_steps_different=0, time_makesfts_s=63.69, time_fast_s=1.01
Warning: trimming tail of 8s (duration not divisible by Tseg).
pack=107, signal_id=532, mchirp=0.07080390683908097, distance=0.07498942093324558, tsft=35, n_sft=936, n_bins=2299, same_shape=True, sft_identical=True, sft_max_rel_diff=0.0, map_identical=True, map_max_rel_diff=0.0, map_pixels_different=0, track_identical=True, track_steps_different=0, time_makesfts_s=45.78, time_fast_s=1.65
Warning: trimming tail of 9s (duration not divisible by Tseg).
pack=107, signal_id=532, mchirp=0.07080390683908097, distance=0.07498942093324558, tsft=47, n_sft=697, n_bins=3088, same_shape=True, sft_identical=True, sft_max_rel_diff=0.0, map_identical=True, map_max_rel_diff=0.0, map_pixels_different=0, track_identical=True, track_steps_different=0, time_makesfts_s=34.43, time_fast_s=1.26
Warning: trimming tail of 8s (duration not divisible by Tseg).
pack=107, signal_id=532, mchirp=0.07080390683908097, distance=0.07498942093324558, tsft=63, n_sft=520, n_bins=4139, same_shape=True, sft_identical=True, sft_max_rel_diff=0.0, map_identical=True, map_max_rel_diff=0.0, map_pixels_different=0, track_identical=True, track_steps_different=0, time_makesfts_s=25.54, time_fast_s=1.14
Warning: trimming tail of 32s (duration not divisible by Tseg).
pack=107, signal_id=532, mchirp=0.07080390683908097, distance=0.07498942093324558, tsft=88, n_sft=372, n_bins=5782, same_shape=True, sft_identical=True, sft_max_rel_diff=0.0, map_identical=True, map_max_rel_diff=0.0, map_pixels_different=0, track_identical=True, track_steps_different=0, time_makesfts_s=17.72, time_fast_s=1.11
pack=107, signal_id=532, mchirp=0.07080390683908097, distance=0.07498942093324558, ra=0.40995453923082786, dec=-0.5887349042889161, pol=2.78929397397121, candidate_makesfts=True, candidate_fast=True, nmse_makesfts=0.009259014482035113, nmse_fast=0.009259014482035113, nsigma_makesfts=4.019514385477565, nsigma_fast=4.019514385477565, mass_makesfts=0.03703210753729103, mass_fast=0.03703210753729103, tsft_makesfts=3, tsft_fast=3, status_makesfts=candidate_found, status_fast=candidate_found, identical=True, maps_identical_all_tsft=True, tracks_identical_all_tsft=True
DONE
